<!DOCTYPE html><html lang="en" class="dark"><head><meta charset="utf-8"><title>Paulo Gonçalves - Front-End Engineer from Portugal</title><meta name="description" content="Personal Website" data-hu=""><link href="https://www.paulogoncalves.dev/" rel="canonical"><script>(() => {
  if (typeof window !== 'undefined' && window.localStorage) {
    var ct = window.localStorage.getItem('color-theme');
    ct && window.document.documentElement.classList.add(ct);
  }
})()</script><link rel="icon" href="/favicon.ico"><link href="/assets/css/main.css" rel="stylesheet"><link href="https://fonts.gstatic.com" rel="preconnect" crossorigin=""><link href="https://fonts.googleapis.com/css2?family=Roboto+Slab:wght@400;700;900&amp;display=swap" rel="preload" as="style"><link href="https://fonts.googleapis.com/css2?family=Roboto+Slab:wght@400;700;900&amp;display=swap" rel="stylesheet"><link href="/assets/manifest.webmanifest" rel="manifest"><link href="/assets/favicon.svg" rel="icon" type="image/svg+xml"><link href="/assets/favicon-16x16.png" rel="icon" type="image/png" sizes="16x16"><link href="/assets/favicon-32x32.png" rel="icon" type="image/png" sizes="32x32"><link href="/assets/apple-touch-icon.png" rel="apple-touch-icon" type="image/png" sizes="180x180"><meta name="viewport" content="width=device-width,initial-scale=1"><meta name="keywords" content="HTML, CSS, JavaScript, TypeScript, Preact, Webpack, Tailwind, Front-End, Frontend, Paulo Gonçalves"><meta name="author" content="Paulo Gonçalves | contact@paulogoncalves.dev"><meta name="msvalidate.01" content="F63D2EC3D7DD2A060D742BC70B0AF5D7"><meta name="google-site-verification" content="y8An9prxi5Rtn1NfAI2JZuDghowaml2Q"><meta name="y_key" content="76ba125138416496"><meta name="apple-mobile-web-app-capable" content="yes"><meta name="application-name" content="paulogoncalves.dev"><meta name="theme-color" content="#ffffff"><meta name="apple-mobile-web-app-status-bar-style" content="black"><meta content="summary_large_image" property="twitter:card"><meta content="@paulogoncalvs" property="twitter:site"><meta content="@paulogoncalvs" property="twitter:creator"><meta content="paulogoncalves.dev" property="twitter:domain"><meta content="/assets/img/paulo-goncalves.jpeg" property="twitter:image"><meta content="Paulo Gonçalves - Front-End Engineer from Portugal" property="og:title"><meta content="Personal Website" property="og:description"><meta content="https://www.paulogoncalves.dev/" property="og:url"><meta content="website" property="og:type"><meta content="/assets/img/paulo-goncalves.jpeg" property="og:image"></head><body class="font-serif bg-white text-zinc-900 dark:text-zinc-200 dark:bg-zinc-900 transition-colors duration-200 ease-linear"><div id="root"><main><header class="container p-4 py-10 mx-auto"><div class="flex items-center justify-between"><div class="flex items-center"><select class="py-1 text-sm text-zinc-900 dark:text-zinc-200 bg-white dark:bg-zinc-900 border-zinc-800 dark:border-zinc-200 border-2 font-sans ml-2 mr-2" aria-label="Language selection"><option value="en" selected="selected">EN</option><option value="pt">PT</option></select></div><div class="flex justify-end"><button class="ic-link _hdr p-2" aria-label="Toggle to light mode"><svg aria-hidden="true" class="fill-current" width="24" height="24"><use href="/assets/img/sprite.svg#sprite-light_mode"></use></svg></button><a href="https://www.twitter.com/paulogoncalvs" aria-label="Twitter (opens in a new window)" target="_blank" rel="noopener noreferrer" class="ic-link _hdr"><svg aria-hidden="true" class="fill-current" width="24" height="24" viewBox="0 0 250 250"><use href="/assets/img/sprite.svg#sprite-twitter"></use></svg></a><a href="https://www.github.com/paulogoncalvs" aria-label="GitHub (opens in a new window)" target="_blank" rel="noopener noreferrer" class="ic-link _hdr"><svg aria-hidden="true" class="fill-current" width="24" height="24" viewBox="0 0 438 438"><use href="/assets/img/sprite.svg#sprite-github"></use></svg></a><a href="https://pt.linkedin.com/in/paulogoncalvs" aria-label="LinkedIn (opens in a new window)" target="_blank" rel="noopener noreferrer" class="ic-link _hdr"><svg aria-hidden="true" class="fill-current" width="24" height="24" viewBox="0 0 382 382"><use href="/assets/img/sprite.svg#sprite-linkedin"></use></svg></a></div></div></header><div class="container px-6 pt-8 pb-8 mx-auto sm:pb-16"><div class="flex flex-col items-center"><h1 class="text-3xl font-black text-center opacity-0 sm:my-2 sm:text-5xl animate-fade-in-up-1">PAULO GONÇALVES</h1><h2 class="text-2xl text-center lowercase opacity-0 sm:text-4xl animate-fade-in-up-2 pb-14">Front-End Engineer</h2><div class="flex flex-col items-center sm:pt-14 pb-14 sm:flex-row"><div class="flex-shrink-0 opacity-0 animate-fade-in-dw-3"><img width="180" height="180" class="bg-zinc-200 dark:bg-zinc-800 lazy _loaded transform opacity-0 animate-fade-in rounded-full" alt="" src="/assets/img/paulo-goncalves.jpeg" data-src="/assets/img/paulo-goncalves.jpeg"></div><div class="max-w-xs text-sm opacity-0 sm:pl-14 space-y-4 sm:text-base sm:max-w-md pt-14 sm:pt-0 animate-fade-in-dw-4"><p>Born in Vila Nova de Gaia, Portugal.</p><p class="mux">Currently working as a <strong>Front-End Engineering Manager</strong>/<strong>Lead Front-End Engineer</strong> at Porto Tech Center - Jumia.</p><p>Check the <a href="https://pt.linkedin.com/in/paulogoncalvs" target="_blank" rel="noopener noreferrer" class="underline">LinkedIn profile</a> for more information.</p></div></div><div class="pb-8 opacity-0 sm:pt-8 animate-fade-in-dw-5"><h2 class="pb-4 text-base font-bold sm:text-xl">Wanna reach out?</h2><a href="mailto:contact@paulogoncalves.dev" class="btn _i _prim"><svg aria-hidden="true" class="" width="24" height="24" viewBox="0 0 24 24"><use href="/assets/img/sprite.svg#sprite-mail"></use></svg><span>E-mail me</span></a></div></div></div></main><footer><div class="text-center bg-zinc-100 dark:bg-zinc-800"><div class="container flex flex-col items-center px-6 pt-16 mx-auto pb-14"><div class="pb-6 text-sm sm:text-base">This website was built from scratch with:</div><div class="flex flex-wrap justify-center align-middle"><a href="https://www.typescriptlang.org/" aria-label="TypeScript (opens in a new window)" target="_blank" rel="noopener noreferrer" class="ic-link _ftr"><svg aria-hidden="true" class="fill-current" width="32" height="32" viewBox="0 0 32 32"><use href="/assets/img/sprite.svg#sprite-typescript"></use></svg></a><a href="https://preactjs.com/" aria-label="Preact (opens in a new window)" target="_blank" rel="noopener noreferrer" class="ic-link _ftr"><svg aria-hidden="true" class="fill-current" width="32" height="32" viewBox="0 0 256 296"><use href="/assets/img/sprite.svg#sprite-preact"></use></svg></a><a href="https://webpack.js.org/" aria-label="Webpack (opens in a new window)" target="_blank" rel="noopener noreferrer" class="ic-link _ftr"><svg aria-hidden="true" class="fill-current" width="32" height="32" viewBox="0 0 600 600"><use href="/assets/img/sprite.svg#sprite-webpack"></use></svg></a><a href="https://yarnpkg.com/" aria-label="Yarn (opens in a new window)" target="_blank" rel="noopener noreferrer" class="ic-link _ftr"><svg aria-hidden="true" class="fill-current" width="32" height="32" viewBox="0 0 512 512"><use href="/assets/img/sprite.svg#sprite-yarn"></use></svg></a><a href="https://eslint.org/" aria-label="ESLint (opens in a new window)" target="_blank" rel="noopener noreferrer" class="ic-link _ftr"><svg aria-hidden="true" class="fill-current" width="32" height="32" viewBox="0 0 256 225"><use href="/assets/img/sprite.svg#sprite-eslint"></use></svg></a><a href="https://stylelint.io/" aria-label="StyleLint (opens in a new window)" target="_blank" rel="noopener noreferrer" class="ic-link _ftr"><svg aria-hidden="true" class="fill-current" width="32" height="32" viewBox="0 0 256 245"><use href="/assets/img/sprite.svg#sprite-stylelint"></use></svg></a><a href="https://developers.google.com/web/tools/workbox" aria-label="Workbox (opens in a new window)" target="_blank" rel="noopener noreferrer" class="ic-link _ftr"><svg aria-hidden="true" class="fill-current" width="32" height="32" viewBox="41.5 38.7 1734.4 1489.3"><use href="/assets/img/sprite.svg#sprite-workbox"></use></svg></a><a href="https://analytics.google.com/" aria-label="Google Analytics (opens in a new window)" target="_blank" rel="noopener noreferrer" class="ic-link _ftr"><svg aria-hidden="true" class="fill-current" width="28" height="28"><use href="/assets/img/sprite.svg#sprite-ga"></use></svg></a><a href="https://tailwindcss.com/" aria-label="Tailwind CSS (opens in a new window)" target="_blank" rel="noopener noreferrer" class="ic-link _ftr"><svg aria-hidden="true" class="fill-current" width="32" height="32" viewBox="0 0 66 40"><use href="/assets/img/sprite.svg#sprite-tailwind"></use></svg></a><a href="https://playwright.dev/" aria-label="Playwright (opens in a new window)" target="_blank" rel="noopener noreferrer" class="ic-link _ftr"><svg aria-hidden="true" class="fill-current" width="32" height="32"><use href="/assets/img/sprite.svg#sprite-playwright"></use></svg></a><a href="https://jestjs.io/" aria-label="Jest (opens in a new window)" target="_blank" rel="noopener noreferrer" class="ic-link _ftr"><svg aria-hidden="true" class="fill-current" width="32" height="32"><use href="/assets/img/sprite.svg#sprite-jest"></use></svg></a><a href="https://prettier.io/" aria-label="Prettier (opens in a new window)" target="_blank" rel="noopener noreferrer" class="ic-link _ftr"><svg aria-hidden="true" class="fill-current" width="32" height="32" viewBox="0 0 210 210"><use href="/assets/img/sprite.svg#sprite-prettier"></use></svg></a><a href="https://postcss.org/" aria-label="PostCSS (opens in a new window)" target="_blank" rel="noopener noreferrer" class="ic-link _ftr"><svg aria-hidden="true" class="fill-current" width="32" height="32" viewBox="0 0 256 256"><use href="/assets/img/sprite.svg#sprite-postcss"></use></svg></a><a href="https://www.deque.com/axe/" aria-label="Axe (opens in a new window)" target="_blank" rel="noopener noreferrer" class="ic-link _ftr"><svg aria-hidden="true" class="fill-current" width="32" height="32" viewBox="0 0 800 800"><use href="/assets/img/sprite.svg#sprite-axe"></use></svg></a><a href="https://sass-lang.com/" aria-label="Sass (opens in a new window)" target="_blank" rel="noopener noreferrer" class="ic-link _ftr"><svg aria-hidden="true" class="fill-current" width="32" height="32" viewBox="0 0 547.8 410.6"><use href="/assets/img/sprite.svg#sprite-sass"></use></svg></a><a href="https://babeljs.io/" aria-label="Babel (opens in a new window)" target="_blank" rel="noopener noreferrer" class="ic-link _ftr"><svg aria-hidden="true" class="fill-current" width="60" height="32" viewBox="0 0 512 200"><use href="/assets/img/sprite.svg#sprite-babel"></use></svg></a></div></div></div><div class="container flex flex-col items-center py-8 mx-auto text-xs text-center sm:py-16 text-zinc-500"><p>optimized for modern browsers</p><p class="pt-2">paulogoncalves.dev © 2021  - 2022 🙂</p></div></footer></div><script>window.__STORE__={"filenames":{"sprite":"/assets/img/sprite.svg"},"lang":"en","url":"/"};</script><script type="module" src="/assets/js/main.bundle.js" crossorigin="anonymous"></script></body></html>