// Jest Snapshot v1, https://goo.gl/fbAQLP

exports[`App should render App 1`] = `"<main><header class=\\"container mx-auto p-4 py-10\\"><div class=\\"flex items-center justify-between\\"><div class=\\"flex items-center\\"><select class=\\"lang-sel text-sm bg-white border-gray-800 hover:bg-gray-300 hover:text-black focus:bg-gray-300 border-2 focus:text-black ml-2 mr-2\\" aria-label=\\"Language selection\\"><option value=\\"en\\" selected>EN</option><option value=\\"pt\\">PT</option></select></div><div class=\\"flex justify-end\\"><a href=\\"https://www.twitter.com/paulogoncalvs\\" class=\\"ic-link _hdr\\" aria-label=\\"Twitter (opens in a new window)\\" target=\\"_blank\\" rel=\\"noopener noreferrer\\"><svg aria-hidden=\\"true\\" class=\\"fill-current\\" width=\\"24\\" height=\\"24\\"><use href=\\"undefinedundefined\\"></use></svg></a><a href=\\"https://www.github.com/paulogoncalvs\\" class=\\"ic-link _hdr\\" aria-label=\\"GitHub (opens in a new window)\\" target=\\"_blank\\" rel=\\"noopener noreferrer\\"><svg aria-hidden=\\"true\\" class=\\"fill-current\\" width=\\"24\\" height=\\"24\\"><use href=\\"undefinedundefined\\"></use></svg></a><a href=\\"https://pt.linkedin.com/in/paulogoncalvs\\" class=\\"ic-link _hdr\\" aria-label=\\"LinkedIn (opens in a new window)\\" target=\\"_blank\\" rel=\\"noopener noreferrer\\"><svg aria-hidden=\\"true\\" class=\\"fill-current\\" width=\\"24\\" height=\\"24\\"><use href=\\"undefinedundefined\\"></use></svg></a></div></div></header><div class=\\"container mx-auto px-6 py-4 sm:py-8\\"><div class=\\"flex flex-col items-center text-center\\"><h1 class=\\"sm:my-2 text-2xl sm:text-5xl font-black animate-fade-in-up-1 opacity-0\\">PAULO GONÃ‡ALVES</h1><h2 class=\\"text-xl sm:text-4xl animate-fade-in-up-2 opacity-0 pb-14 lowercase\\">Front-End Engineer</h2><img width=\\"230\\" height=\\"230\\" alt class=\\"lazy animate-pulse bg-gray-200 rounded-full\\" src=\\"data:image/gif;base64,R0lGODlhAQABAIAAAAAAAP///yH5BAEAAAAALAAAAAABAAEAAAIBRAA7\\" /><div class=\\"py-14 text-center space-y-2 text-sm sm:text-base\\"><p>Born in Vila Nova de Gaia, Portugal.</p><p>Currently working as a Lead Front-End Engineer at Porto Tech Center - Jumia.</p><p>Check the <a href=\\"https://pt.linkedin.com/in/paulogoncalvs\\" target=\\"_blank\\" rel=\\"noopener noreferrer\\" class=\\"underline\\">LinkedIn profile</a> for more information.</p></div><div class=\\"pb-14\\"><h2 class=\\"text-base sm:text-xl font-bold pb-4\\">Wanna reach out?</h2><a href=\\"mailto:contact@paulogoncalves.dev\\" target=\\"_blank\\" rel=\\"noopener noreferrer\\" class=\\"transition transform duration-100 hover:translate-x-1 inline-flex px-4 py-2 sm:py-3 items-center justify-center rounded-full shadow-md bg-gradient-to-r from-green-300 via-green-100 to-green-100 hover:from-green-300 hover:via-green-050 hover:to-green-050\\"><svg aria-hidden=\\"true\\" class width=\\"24\\" height=\\"24\\"><use href=\\"undefinedundefined\\"></use></svg><span class=\\"pl-2 sm:text-xl text-gray-900 dark:text-gray-900\\">E-mail me</span></a></div></div></div></main><footer><div class=\\"bg-gray-100 text-center\\"><div class=\\"container mx-auto px-6 pt-14 pb-12 flex flex-col items-center\\"><div class=\\"pb-6 text-gray-600 text-sm sm:text-base\\">This website was built from scratch with:</div><div class=\\"flex flex-wrap justify-center align-middle\\"><a href=\\"https://www.typescriptlang.org/\\" class=\\"ic-link _ftr\\" aria-label=\\"TypeScript (opens in a new window)\\" target=\\"_blank\\" rel=\\"noopener noreferrer\\"><svg aria-hidden=\\"true\\" class=\\"fill-current\\" width=\\"32\\" height=\\"32\\"><use href=\\"undefinedundefined\\"></use></svg></a><a href=\\"https://preactjs.com/\\" class=\\"ic-link _ftr\\" aria-label=\\"Preact (opens in a new window)\\" target=\\"_blank\\" rel=\\"noopener noreferrer\\"><svg aria-hidden=\\"true\\" class=\\"fill-current\\" width=\\"32\\" height=\\"32\\"><use href=\\"undefinedundefined\\"></use></svg></a><a href=\\"https://webpack.js.org/\\" class=\\"ic-link _ftr\\" aria-label=\\"Webpack (opens in a new window)\\" target=\\"_blank\\" rel=\\"noopener noreferrer\\"><svg aria-hidden=\\"true\\" class=\\"fill-current\\" width=\\"32\\" height=\\"32\\"><use href=\\"undefinedundefined\\"></use></svg></a><a href=\\"https://yarnpkg.com/\\" class=\\"ic-link _ftr\\" aria-label=\\"Yarn (opens in a new window)\\" target=\\"_blank\\" rel=\\"noopener noreferrer\\"><svg aria-hidden=\\"true\\" class=\\"fill-current\\" width=\\"32\\" height=\\"32\\"><use href=\\"undefinedundefined\\"></use></svg></a><a href=\\"https://eslint.org/\\" class=\\"ic-link _ftr\\" aria-label=\\"ESLint (opens in a new window)\\" target=\\"_blank\\" rel=\\"noopener noreferrer\\"><svg aria-hidden=\\"true\\" class=\\"fill-current\\" width=\\"32\\" height=\\"32\\"><use href=\\"undefinedundefined\\"></use></svg></a><a href=\\"https://stylelint.io/\\" class=\\"ic-link _ftr\\" aria-label=\\"StyleLint (opens in a new window)\\" target=\\"_blank\\" rel=\\"noopener noreferrer\\"><svg aria-hidden=\\"true\\" class=\\"fill-current\\" width=\\"32\\" height=\\"32\\"><use href=\\"undefinedundefined\\"></use></svg></a><a href=\\"https://developers.google.com/web/tools/workbox\\" class=\\"ic-link _ftr\\" aria-label=\\"Workbox (opens in a new window)\\" target=\\"_blank\\" rel=\\"noopener noreferrer\\"><svg aria-hidden=\\"true\\" class=\\"fill-current\\" width=\\"32\\" height=\\"32\\"><use href=\\"undefinedundefined\\"></use></svg></a><a href=\\"https://tailwindcss.com/\\" class=\\"ic-link _ftr\\" aria-label=\\"Tailwind CSS (opens in a new window)\\" target=\\"_blank\\" rel=\\"noopener noreferrer\\"><svg aria-hidden=\\"true\\" class=\\"fill-current\\" width=\\"32\\" height=\\"32\\"><use href=\\"undefinedundefined\\"></use></svg></a><a href=\\"https://prettier.io/\\" class=\\"ic-link _ftr\\" aria-label=\\"Prettier (opens in a new window)\\" target=\\"_blank\\" rel=\\"noopener noreferrer\\"><svg aria-hidden=\\"true\\" class=\\"fill-current\\" width=\\"32\\" height=\\"32\\"><use href=\\"undefinedundefined\\"></use></svg></a><a href=\\"https://jestjs.io/\\" class=\\"ic-link _ftr\\" aria-label=\\"Jest (opens in a new window)\\" target=\\"_blank\\" rel=\\"noopener noreferrer\\"><svg aria-hidden=\\"true\\" class=\\"fill-current\\" width=\\"32\\" height=\\"32\\"><use href=\\"undefinedundefined\\"></use></svg></a><a href=\\"https://postcss.org/\\" class=\\"ic-link _ftr\\" aria-label=\\"PostCSS (opens in a new window)\\" target=\\"_blank\\" rel=\\"noopener noreferrer\\"><svg aria-hidden=\\"true\\" class=\\"fill-current\\" width=\\"32\\" height=\\"32\\"><use href=\\"undefinedundefined\\"></use></svg></a><a href=\\"https://sass-lang.com/\\" class=\\"ic-link _ftr\\" aria-label=\\"Sass (opens in a new window)\\" target=\\"_blank\\" rel=\\"noopener noreferrer\\"><svg aria-hidden=\\"true\\" class=\\"fill-current\\" width=\\"32\\" height=\\"32\\"><use href=\\"undefinedundefined\\"></use></svg></a><a href=\\"https://babeljs.io/\\" class=\\"ic-link _ftr\\" aria-label=\\"Babel (opens in a new window)\\" target=\\"_blank\\" rel=\\"noopener noreferrer\\"><svg aria-hidden=\\"true\\" class=\\"fill-current\\" width=\\"60\\" height=\\"32\\"><use href=\\"undefinedundefined\\"></use></svg></a></div></div></div><div class=\\"container mx-auto py-8 flex flex-col items-center text-center text-gray-500 text-xs\\"><p>optimized for browsers with JavaScript modules support</p><p class=\\"pt-2\\">paulogoncalves.dev Â© 2021  ðŸ™‚</p></div></footer>"`;
